 * Running on http://127.0.0.1:5000/ (Press CTRL+C to quit)
127.0.0.1 - - [26/May/2021 10:43:37] "GET / HTTP/1.1" 200 -
127.0.0.1 - - [26/May/2021 10:43:38] "GET / HTTP/1.1" 200 -
127.0.0.1 - - [26/May/2021 10:43:38] "GET / HTTP/1.1" 200 -
127.0.0.1 - - [26/May/2021 10:43:39] "GET / HTTP/1.1" 200 -
127.0.0.1 - - [26/May/2021 10:43:39] "GET / HTTP/1.1" 200 -
127.0.0.1 - - [26/May/2021 10:43:39] "GET / HTTP/1.1" 200 -
127.0.0.1 - - [26/May/2021 10:43:39] "GET / HTTP/1.1" 200 -
127.0.0.1 - - [26/May/2021 10:43:40] "GET / HTTP/1.1" 200 -
127.0.0.1 - - [26/May/2021 10:43:40] "GET / HTTP/1.1" 200 -
127.0.0.1 - - [26/May/2021 10:43:40] "GET / HTTP/1.1" 200 -
127.0.0.1 - - [26/May/2021 10:43:52] "GET /createBlackboard?name=myblackboard&gueltigkeit=50 HTTP/1.1" 200 -
127.0.0.1 - - [26/May/2021 10:43:53] "GET /createBlackboard?name=myblackdfsboard&gueltigkeit=50 HTTP/1.1" 200 -
 * Running on http://127.0.0.1:5000/ (Press CTRL+C to quit)
127.0.0.1 - - [26/May/2021 10:44:26] "GET /createBlackboard?name=myblackdfsboard&gueltigkeit=50 HTTP/1.1" 200 -
127.0.0.1 - - [26/May/2021 10:44:27] "GET /createBlackboard?name=myblackdfssboard&gueltigkeit=50 HTTP/1.1" 200 -
127.0.0.1 - - [26/May/2021 10:44:29] "GET /createBlackboard?name=myblackboard&gueltigkeit=50 HTTP/1.1" 200 -
127.0.0.1 - - [26/May/2021 10:44:32] "GET / HTTP/1.1" 200 -
127.0.0.1 - - [26/May/2021 10:44:33] "GET /createBlackboard?name=myblackboard&gueltigkeit=50 HTTP/1.1" 200 -
127.0.0.1 - - [26/May/2021 10:44:34] "GET /createBlackboard?name=myblackdfsboard&gueltigkeit=50 HTTP/1.1" 200 -
127.0.0.1 - - [26/May/2021 10:44:35] "GET /createBlackboard?name=myblackdfssboard&gueltigkeit=50 HTTP/1.1" 200 -
127.0.0.1 - - [26/May/2021 10:44:36] "GET /listBlackboards HTTP/1.1" 200 -
127.0.0.1 - - [26/May/2021 10:44:37] "GET / HTTP/1.1" 200 -
127.0.0.1 - - [26/May/2021 10:44:58] "GET / HTTP/1.1" 200 -
127.0.0.1 - - [26/May/2021 10:45:07] "GET /displayBlackboard?name=myblackboard&daten=welcomeetoooyouuu HTTP/1.1" 200 -
127.0.0.1 - - [26/May/2021 10:45:09] "GET / HTTP/1.1" 200 -
127.0.0.1 - - [26/May/2021 10:45:34] "GET / HTTP/1.1" 200 -
127.0.0.1 - - [26/May/2021 10:45:34] "[33mGET /favicon.ico HTTP/1.1[0m" 404 -
127.0.0.1 - - [26/May/2021 10:45:42] "GET /readBlackboard?name=myblackboard HTTP/1.1" 200 -
127.0.0.1 - - [26/May/2021 10:45:51] "GET /listBlackboards HTTP/1.1" 200 -
127.0.0.1 - - [26/May/2021 10:45:51] "[33mGET /favicon.ico HTTP/1.1[0m" 404 -
127.0.0.1 - - [26/May/2021 10:45:51] "GET / HTTP/1.1" 200 -
127.0.0.1 - - [26/May/2021 10:45:53] "GET /displayBlackboard?name=myblackboard&daten=welcomeetoooyouuu HTTP/1.1" 200 -
127.0.0.1 - - [26/May/2021 10:46:09] "GET /deleteAllBlackboards HTTP/1.1" 200 -
127.0.0.1 - - [26/May/2021 10:46:15] "GET /displayBlackboard?name=myblackboard&daten=welcomeetoooyouuu HTTP/1.1" 200 -
